[swalapatra.com/mega_wahyu/indexda99.html]
[backblue.gif]
[fade.gif]
[index.html]
[swalapatra.com/wp-content/plugins/addon-elements-for-elementor-page-builder/assets/css/eae.min8392.css]
[swalapatra.com/wp-content/plugins/elementor/assets/lib/font-awesome/css/v4-shims.min5152.css]
[swalapatra.com/wp-content/plugins/elementor/assets/lib/font-awesome/css/all.min5152.css]
[swalapatra.com/wp-content/plugins/addon-elements-for-elementor-page-builder/assets/lib/vegas/vegas.min8d5a.css]
[swalapatra.com/mega_wahyu/index.html]
[swalapatra.com/wp-content/uploads/useanyfont/uafd28d.css]
[swalapatra.com/wp-content/plugins/weddingpress/assets/css/wdp-centered-timeline.min6a4d.css]
[swalapatra.com/mega_wahyu/feed/index.html]
[swalapatra.com/wp-content/plugins/weddingpress/assets/css/wdp-horizontal-styles.min6a4d.css]
[swalapatra.com/wp-content/plugins/weddingpress/assets/css/wdp-fontello6a4d.css]
[swalapatra.com/wp-content/plugins/weddingpress/assets/css/exad-styles.min6a4d.css]
[swalapatra.com/wp-content/plugins/weddingpress/addons/comment-kit/css/wdp_styled537.css]
[swalapatra.com/wp-content/themes/twentytwentytwo/style4e44.css]
[swalapatra.com/wp-content/plugins/elementor/assets/lib/eicons/css/elementor-icons.min91ce.css]
[swalapatra.com/wp-content/plugins/elementor/assets/css/frontend-lite.min7e2e.css]
[swalapatra.com/wp-content/uploads/2022/08/WhatsApp-Image-2022-08-25-at-14.56.41.jpg]
[swalapatra.com/wp-content/uploads/2022/08/Ornament-Green-Leave-right-1.png]
[swalapatra.com/wp-content/uploads/2022/08/GKP_0045.jpg]
[swalapatra.com/wp-content/uploads/2022/08/WhatsApp-Image-2022-08-25-at-10.12.03.jpg]
[swalapatra.com/wp-content/uploads/2022/08/GKP_0117-scaled.jpg]
[swalapatra.com/wp-content/uploads/2022/08/WhatsApp-Image-2022-08-24-at-15.44.41-2.jpg]
[swalapatra.com/wp-content/uploads/2022/08/WhatsApp-Image-2022-08-24-at-15.44.41-1.jpg]
[swalapatra.com/wp-content/plugins/weddingpress/assets/css/wdp9b4a.css]
[swalapatra.com/wp-content/plugins/weddingpress/assets/css/guest-book9b4a.css]
[swalapatra.com/wp-content/plugins/elementor/assets/lib/font-awesome/css/fontawesome.min52d5.css]
[swalapatra.com/wp-content/plugins/elementor/assets/lib/font-awesome/css/solid.min52d5.css]
[swalapatra.com/wp-content/plugins/elementor/assets/lib/font-awesome/css/regular.min52d5.css]
[swalapatra.com/wp-content/plugins/elementor/assets/lib/font-awesome/css/brands.min52d5.css]
[swalapatra.com/wp-includes/js/jquery/jquery.mina7a0.js]
[swalapatra.com/wp-includes/js/jquery/jquery-migrate.mind617.js]
[swalapatra.com/wp-content/uploads/2022/02/logo-undangan-online-bali-150x150.png]
[swalapatra.com/wp-content/uploads/2022/02/logo-undangan-online-bali-300x300.png]
[swalapatra.com/wp-content/uploads/2022/08/HD_transparent_picture.png]
[swalapatra.com/wp-content/plugins/addon-elements-for-elementor-page-builder/assets/lib/vegas/overlays/00.png]
[swalapatra.com/wp-content/plugins/addon-elements-for-elementor-page-builder/assets/lib/vegas/overlays/.png]
[swalapatra.com/wp-content/uploads/2022/02/om-swastyastu.png]
[swalapatra.com/wp-content/uploads/elementor/thumbs/tittle-section-ptowa0qo6t6sxcal3wh5a26qbs8y9kib54pegvxk52.png]
[swalapatra.com/wp-content/uploads/2022/04/Frame-Boho-Brown-Newest.png]
[swalapatra.com/wp-content/plugins/elementor/assets/css/widget-icon-list.min.css]
[swalapatra.com/wp-content/uploads/2022/08/WhatsApp-Image-2022-08-24-at-15.44.41.jpg]
[swalapatra.com/wp-content/uploads/2022/08/WhatsApp-Image-2022-08-24-at-15.44.42-1.jpg]
[swalapatra.com/wp-content/uploads/2022/08/WhatsApp-Image-2022-08-24-at-15.44.42-2.jpg]
[swalapatra.com/wp-content/uploads/2022/08/WhatsApp-Image-2022-08-24-at-15.44.42-3.jpg]
[swalapatra.com/wp-content/uploads/2022/08/WhatsApp-Image-2022-08-24-at-15.44.42.jpg]
[swalapatra.com/wp-content/uploads/2022/08/WhatsApp-Image-2022-08-24-at-15.44.43-1.jpg]
[swalapatra.com/wp-content/uploads/2022/08/WhatsApp-Image-2022-08-24-at-15.44.43-5.jpg]
[swalapatra.com/wp-content/uploads/2022/08/WhatsApp-Image-2022-08-24-at-15.44.43.jpg]
[swalapatra.com/wp-content/uploads/2022/08/WhatsApp-Image-2022-08-24-at-15.44.44-2.jpg]
[swalapatra.com/wp-content/uploads/2022/08/WhatsApp-Image-2022-08-24-at-15.44.44.jpg]
[swalapatra.com/wp-content/uploads/2022/08/WhatsApp-Image-2022-08-24-at-15.44.41-3.jpg]
[swalapatra.com/wp-content/uploads/2022/08/WhatsApp-Image-2022-08-24-at-15.44.43-3.jpg]
[swalapatra.com/wp-content/uploads/2022/08/WhatsApp-Image-2022-08-24-at-15.44.44-3.jpg]
[swalapatra.com/wp-content/uploads/2022/08/WhatsApp-Image-2022-08-24-at-15.44.43-6.jpg]
[swalapatra.com/wp-content/uploads/2022/08/WhatsApp-Image-2022-08-24-at-15.44.44-1.jpg]
[swalapatra.com/wp-content/uploads/2022/08/WhatsApp-Image-2022-08-24-at-15.44.44-4.jpg]
[swalapatra.com/wp-content/uploads/2022/08/mw-150x150.png]
[swalapatra.com/mega_wahyu/_data_image/svg+xml,_svg xmlns=http_/www.w3.org/2000/svg preserveAspectRatio=none overflow=visible h/__/svg_]
[swalapatra.com/mega_wahyu/index3752.html]
[swalapatra.com/wp-content/uploads/2022/08/logo-undangan-online-bali-768x768-1-300x300.png]
[swalapatra.com/wp-content/plugins/elementor/assets/lib/animations/animations.min7e2e.css]
[swalapatra.com/wp-content/plugins/addon-elements-for-elementor-page-builder/assets/js/eae.min8392.js]
[swalapatra.com/wp-content/plugins/elementor/assets/lib/font-awesome/js/v4-shims.min5152.js]
[swalapatra.com/wp-content/plugins/addon-elements-for-elementor-page-builder/assets/js/animated-main.min5152.js]
[swalapatra.com/wp-content/plugins/addon-elements-for-elementor-page-builder/assets/js/particles.min001e.js]
[swalapatra.com/wp-content/plugins/addon-elements-for-elementor-page-builder/assets/lib/magnific.minf488.js]
[swalapatra.com/wp-content/plugins/addon-elements-for-elementor-page-builder/assets/lib/vegas/vegas.min8d5a.js]
[swalapatra.com/wp-content/plugins/weddingpress/assets/js/wdp-swiper.min.js]
[swalapatra.com/wp-content/plugins/weddingpress/assets/js/qr-code.js]
[swalapatra.com/wp-content/plugins/weddingpress/assets/js/wdp-horizontal.js]
[swalapatra.com/wp-content/plugins/weddingpress/assets/js/exad-scripts.min9b4a.js]
[swalapatra.com/wp-content/plugins/weddingpress/addons/comment-kit/js/wdp_scriptd537.js]
[swalapatra.com/wp-content/plugins/weddingpress/addons/comment-kit/js/libs/jquery.jPages.minac14.js]
[swalapatra.com/wp-content/plugins/weddingpress/addons/comment-kit/js/libs/jquery.textareaCounterd5f7.js]
[swalapatra.com/wp-content/plugins/weddingpress/addons/comment-kit/js/libs/jquery.placeholder.min5d0a.js]
[swalapatra.com/wp-content/plugins/weddingpress/addons/comment-kit/js/libs/autosize.mind50e.js]
[swalapatra.com/wp-content/plugins/elementor/assets/js/webpack.runtime.min7e2e.js]
[swalapatra.com/wp-content/plugins/elementor/assets/js/frontend-modules.min7e2e.js]
[swalapatra.com/wp-content/plugins/elementor/assets/lib/waypoints/waypoints.min05da.js]
[swalapatra.com/wp-includes/js/jquery/ui/core.min3f14.js]
[swalapatra.com/wp-content/plugins/elementor/assets/js/frontend.min7e2e.js]
[swalapatra.com/wp-content/plugins/weddingpress/assets/js/wdp.min9b4a.js]
[swalapatra.com/mega_wahyu/indexda99.html]
[swalapatra.com/wp-content/plugins/weddingpress/assets/js/guest-form9b4a.js]
[swalapatra.com/mega_wahyu/index.html]
[swalapatra.com/wp-content/plugins/addon-elements-for-elementor-page-builder/assets/css/eae.min8392.css]
[swalapatra.com/wp-content/plugins/elementor/assets/lib/font-awesome/css/v4-shims.min5152.css]
[swalapatra.com/wp-content/plugins/elementor/assets/lib/font-awesome/css/all.min5152.css]
[swalapatra.com/wp-content/plugins/addon-elements-for-elementor-page-builder/assets/lib/vegas/vegas.min8d5a.css]
[swalapatra.com/wp-content/uploads/useanyfont/732wedding2.woff2]
[swalapatra.com/wp-content/uploads/useanyfont/732wedding2.woff]
[swalapatra.com/wp-content/uploads/useanyfont/uafd28d.css]
[swalapatra.com/wp-content/plugins/weddingpress/assets/css/wdp-centered-timeline.min6a4d.css]
[swalapatra.com/wp-content/plugins/weddingpress/assets/css/wdp-horizontal-styles.min6a4d.css]
[swalapatra.com/wp-content/plugins/weddingpress/assets/css/wdp-fontello6a4d.css]
[swalapatra.com/wp-content/plugins/weddingpress/assets/css/exad-styles.min6a4d.css]
[swalapatra.com/wp-content/plugins/weddingpress/addons/comment-kit/css/fonts/wdpfont7137.eot]
[swalapatra.com/wp-content/plugins/weddingpress/addons/comment-kit/css/fonts/wdpfont7137.ttf]
[swalapatra.com/wp-content/plugins/weddingpress/addons/comment-kit/css/fonts/wdpfont7137.woff]
[swalapatra.com/wp-content/plugins/weddingpress/addons/comment-kit/css/fonts/wdpfont7137.svg]
[swalapatra.com/wp-content/plugins/weddingpress/addons/comment-kit/css/wdp_styled537.css]
[swalapatra.com/wp-content/plugins/weddingpress/addons/comment-kit/css/images/modal_x.png]
[swalapatra.com/wp-content/themes/twentytwentytwo/style4e44.css]
[swalapatra.com/wp-content/plugins/elementor/assets/lib/eicons/css/elementor-icons.min91ce.css]
[swalapatra.com/wp-content/plugins/elementor/assets/css/frontend-lite.min7e2e.css]
[swalapatra.com/wp-content/plugins/weddingpress/assets/css/wdp9b4a.css]
[swalapatra.com/wp-content/plugins/weddingpress/assets/css/guest-book9b4a.css]
[swalapatra.com/wp-content/plugins/elementor/assets/lib/font-awesome/css/fontawesome.min52d5.css]
[swalapatra.com/wp-content/plugins/elementor/assets/lib/font-awesome/css/solid.min52d5.css]
[swalapatra.com/wp-content/plugins/elementor/assets/lib/font-awesome/css/regular.min52d5.css]
[swalapatra.com/wp-content/plugins/elementor/assets/lib/font-awesome/css/brands.min52d5.css]
[swalapatra.com/wp-content/plugins/addon-elements-for-elementor-page-builder/assets/lib/vegas/overlays/.html]
[swalapatra.com/wp-content/plugins/elementor/assets/css/widget-icon-list.min.css]
[swalapatra.com/mega_wahyu/index3752.html]
[swalapatra.com/mega_wahyu/_data_image/svg+xml,_svg xmlns=http_/www.w3.org/2000/svg preserveAspectRatio=none overflow=visible h/__/svg_.html]
[swalapatra.com/wp-content/plugins/elementor/assets/lib/animations/animations.min7e2e.css]
[swalapatra.com/wp-content/plugins/addon-elements-for-elementor-page-builder/assets/css/arrow-left.svg]
[swalapatra.com/wp-content/plugins/addon-elements-for-elementor-page-builder/assets/css/arrow-right.svg]
[swalapatra.com/wp-content/plugins/weddingpress/addons/comment-kit/css/fonts/wdpfont7137.svg]
